------------------------------------------------------------------------------------------------------------------------------------------------------------------------------------------------------
      name:  <unnamed>
       log:  C:\Users\Public\Replication\Replication\Data\logs/logfile__8_Oct_2020_14_34_21.log
  log type:  text
 opened on:   8 Oct 2020, 14:34:21

. 
. /* It will provide some info about how and when the program was run */
. /* See https://www.stata.com/manuals13/pcreturn.pdf#pcreturn */
. local variant = cond(c(MP),"MP",cond(c(SE),"SE",c(flavor)) )  

. // alternatively, you could use 
. // local variant = cond(c(stata_version)>13,c(real_flavor),"NA")  
. 
. di "=== SYSTEM DIAGNOSTICS ==="
=== SYSTEM DIAGNOSTICS ===

. di "Stata version: `c(stata_version)'"
Stata version: 14.2

. di "Updated as of: `c(born_date)'"
Updated as of: 19 Dec 2017

. di "Variant:       `variant'"
Variant:       SE

. di "Processors:    `c(processors)'"
Processors:    1

. di "OS:            `c(os)' `c(osdtl)'"
OS:            Windows 64-bit

. di "Machine type:  `c(machine_type)'"
Machine type:  PC (64-bit x86-64)

. di "=========================="
==========================

. 
. 
. /* install any packages locally */
. capture mkdir "$rootdir/ado"

. sysdir set PERSONAL "$rootdir/ado/personal"

. sysdir set PLUS     "$rootdir/ado/plus"

. sysdir set SITE     "$rootdir/ado/site"

. sysdir
   STATA:  C:\Program Files (x86)\Stata14\
    BASE:  C:\Program Files (x86)\Stata14\ado\base\
    SITE:  C:\Users\Public\Replication\Replication\Data/ado/site\
    PLUS:  C:\Users\Public\Replication\Replication\Data/ado/plus\
PERSONAL:  C:\Users\Public\Replication\Replication\Data/ado/personal\
OLDPLACE:  c:\ado\

. 
. /* add packages to the macro */
. 
. * *** Add required packages from SSC to this list ***
.     local ssc_packages ""

.     // local ssc_packages "estout boottest"
.     
.     if !missing("`ssc_packages'") {
.         foreach pkg in `ssc_packages' {
  2.             dis "Installing `pkg'"
  3.             ssc install `pkg', replace
  4.         }
.     }

. 
.     * Install packages using net
.     *  net install yaml, from("https://raw.githubusercontent.com/gslab-econ/stata-misc/master/")
. net install estout, from( http://fmwww.bc.edu/RePEc/bocode/e/)
checking estout consistency and verifying not already installed...
connection timed out -- see help r(2) for troubleshooting
could not copy http://fmwww.bc.edu/RePEc/bocode/e/eststo.ado
(no action taken)
r(2);

end of do-file

r(2);

. do "C:\Users\sean posey\AppData\Local\Temp\STD01000000.tmp"

. set mem 500m
set memory ignored.
    Memory no longer needs to be set in modern Statas; memory adjustments are performed on the fly automatically.

. set more off

. set matsize 800

. mata : st_numscalar("OK", direxists(".\tables"))

. di scalar(OK)
0

. 
end of do-file

. do "C:\Users\sean posey\AppData\Local\Temp\STD01000000.tmp"

. k=di scalar(OK)
command k is unrecognized
r(199);

end of do-file

r(199);

. do "C:\Users\sean posey\AppData\Local\Temp\STD01000000.tmp"

. gen k=di scalar(OK)
di not found
r(111);

end of do-file

r(111);

. do "C:\Users\sean posey\AppData\Local\Temp\STD01000000.tmp"

.  * Do Job Networks Disadvantage Women? Evidence from a Recruitment Experiment in Malawi;
.  /*Created: 10/10/2016 */
.  /*Last edited: 12/22/2016*/
. /* Template config.do */
. /* Copy this file to your replication directory if using Stata, e.g.,
>     cp template-config.do replication-(netid)/config.do
> 
>    or similar, and then add
> 
>    include "config.do"
> 
>    in the author's main Stata program
> 
>    */
. 
. /* adjust this as necessary. This works on all OS when running in batch mode, but may not work in interactive mode */
. 
. local pwd : pwd

. global rootdir "`pwd'"

. global logdir "./logs"

. cap mkdir $logdir

. 
. /* check if the author creates a log file. If not, adjust the following code fragment */
. 
. local c_date = c(current_date)

. local cdate = subinstr("`c_date'", " ", "_", .)

. local c_time = c(current_time)

. local ctime = subinstr("`c_time'", ":", "_", .)

. 
. log using "$logdir/logfile_`cdate'_`ctime'.log", replace text
log file already open
r(604);

end of do-file

r(604);

. do "C:\Users\sean posey\AppData\Local\Temp\STD01000000.tmp"

. gen k=scalar(OK)

. 
end of do-file

. sum k

    Variable |        Obs        Mean    Std. Dev.       Min        Max
-------------+---------------------------------------------------------
           k |          0

. do "C:\Users\sean posey\AppData\Local\Temp\STD01000000.tmp"

. clear

. set mem 500m
set memory ignored.
    Memory no longer needs to be set in modern Statas; memory adjustments are performed on the fly automatically.

. set more off

. set matsize 800

. mata : st_numscalar("OK", direxists(".\tables"))

. gen k=scalar(OK)

. 
end of do-file

. do "C:\Users\sean posey\AppData\Local\Temp\STD01000000.tmp"

. gen k=mata : st_numscalar("OK", direxists(".\tables"))
variable k already defined
r(110);

end of do-file

r(110);

. drop k

. do "C:\Users\sean posey\AppData\Local\Temp\STD01000000.tmp"

. gen k=mata : st_numscalar("OK", direxists(".\tables"))
unknown function mata:st_numscalar()
r(133);

end of do-file

r(133);

. do "C:\Users\sean posey\AppData\Local\Temp\STD01000000.tmp"

. mata : gen k=st_numscalar("OK", direxists(".\tables"))
invalid lval
r(3000);

end of do-file

r(3000);

. do "C:\Users\sean posey\AppData\Local\Temp\STD01000000.tmp"

. di scalar(OK)
0

. 
end of do-file

. log close
      name:  <unnamed>
       log:  C:\Users\Public\Replication\Replication\Data\logs/logfile__8_Oct_2020_14_34_21.log
  log type:  text
 closed on:   8 Oct 2020, 14:45:40
------------------------------------------------------------------------------------------------------------------------------------------------------------------------------------------------------
